// Bun Snapshot v1, https://bun.sh/docs/test/snapshots

exports[`TerminalView should render simple styled text 1`] = `
"Hello World                            █
Normal text                            █
                                       █
                                       █
                                       ▀
                                        
                                        
                                        
                                        
 80x24 | Cursor: (0, 0) | Lines: 3      
"
`;

exports[`TerminalView should render text with all style flags 1`] = `
"Bold                                   █
Italic                                 █
Underline                              █
Inverse                                █
                                       ▀
                                        
                                        
                                        
                                        
 80x24 | Cursor: (5, 2) | Lines: 4      
"
`;

exports[`TerminalView should render colored terminal output 1`] = `
"Red Green Blue                                   █
With background                                  █
Bold red                                         █
Faint text                                       █
                                                 █
                                                 ▀
                                                  
                                                  
                                                  
                                                  
                                                  
 120x40 | Cursor: (0, 5) | Lines: 5               
"
`;
